// Jest Snapshot v1, https://goo.gl/fbAQLP

exports[`MovieBackground component Should render according to the snapshot with movie background provided 1`] = `
<div>
  <div
    class="movie-card__bg"
  >
    <img
      alt="fakeTitle"
      src="fakeBackground"
    />
  </div>
</div>
`;

exports[`MovieBackground component Should render according to the snapshot with no movie poster provided 1`] = `
<div>
  
</div>
`;
