// Jest Snapshot v1, https://goo.gl/fbAQLP

exports[`PauseButton component Should render according to the snapshot 1`] = `
<div>
  <button
    type="button"
  >
    <svg
      height="21"
      viewBox="0 0 14 21"
      width="14"
    >
      <use
        xlink:href="#pause"
      />
    </svg>
    <span>
      Pause
    </span>
  </button>
</div>
`;
